Z:\projects\Intro_5_3_2020\Logical\Global.typ
Z:\projects\Intro_5_3_2020\Logical\Global.var
Z:\projects\Intro_5_3_2020\Logical\Libraries\operator\operator.fun
Z:\projects\Intro_5_3_2020\Logical\Libraries\operator\operator.typ
Z:\projects\Intro_5_3_2020\Logical\Libraries\operator\operator.var
Z:\projects\Intro_5_3_2020\Logical\Libraries\runtime\runtime.fun
Z:\projects\Intro_5_3_2020\Logical\Libraries\runtime\runtime.typ
Z:\projects\Intro_5_3_2020\Logical\Libraries\runtime\runtime.var
Z:\projects\Intro_5_3_2020\Logical\Libraries\astime\astime.fun
Z:\projects\Intro_5_3_2020\Logical\Libraries\astime\astime.typ
Z:\projects\Intro_5_3_2020\Logical\Libraries\astime\astime.var
Z:\projects\Intro_5_3_2020\Logical\Libraries\AsIecCon\AsIecCon.fun
Z:\projects\Intro_5_3_2020\Logical\Libraries\AsIecCon\AsIecCon.typ
Z:\projects\Intro_5_3_2020\Logical\Libraries\AsIecCon\AsIecCon.var
Z:\projects\Intro_5_3_2020\Logical\Libraries\standard\standard.fun
Z:\projects\Intro_5_3_2020\Logical\Libraries\standard\standard.typ
Z:\projects\Intro_5_3_2020\Logical\Libraries\standard\standard.var
