<?xml version="1.0" encoding="utf-8"?>
<?AutomationStudio Version="4.7.2.98"?>
<Objects>
  <Object
    Path="D:\ia\Foerderband\Logical\Package.pkg"
    LogicalPath=""
    Type="Package.ParentUnknown"
    LastWriteTime="132381695029720991" />
  <Object
    Path="D:\ia\Foerderband\Logical\Global.typ"
    LogicalPath="Global.typ"
    Type="File"
    LastWriteTime="132381563266737579"
    Private="false" />
  <Object
    Path="D:\ia\Foerderband\Logical\Global.var"
    LogicalPath="Global.var"
    Type="File"
    LastWriteTime="132433412541833655"
    Private="false" />
  <Object
    Path="D:\ia\Foerderband\Logical\Libraries\Package.pkg"
    LogicalPath="Libraries"
    Type="Package"
    LastWriteTime="132381695362972978" />
  <Object
    Path="D:\ia\Foerderband\Logical\Libraries\operator\binary.lby"
    LogicalPath="Libraries.operator"
    Type="Library"
    LastWriteTime="132381563305498873" />
  <Object
    Path="D:\ia\Foerderband\Logical\Libraries\operator\operator.fun"
    LogicalPath="Libraries.operator.operator.fun"
    Type="File"
    LastWriteTime="132381563305258855"
    Private="false" />
  <Object
    Path="D:\ia\Foerderband\Logical\Libraries\operator\operator.typ"
    LogicalPath="Libraries.operator.operator.typ"
    Type="File"
    LastWriteTime="132381563305398818"
    Private="false" />
  <Object
    Path="D:\ia\Foerderband\Logical\Libraries\operator\operator.var"
    LogicalPath="Libraries.operator.operator.var"
    Type="File"
    LastWriteTime="132381563305489122"
    Private="false" />
  <Object
    Path="D:\ia\Foerderband\Logical\Libraries\runtime\binary.lby"
    LogicalPath="Libraries.runtime"
    Type="Library"
    LastWriteTime="132381563310730541" />
  <Object
    Path="D:\ia\Foerderband\Logical\Libraries\runtime\runtime.fun"
    LogicalPath="Libraries.runtime.runtime.fun"
    Type="File"
    LastWriteTime="132381563310525070"
    Private="false" />
  <Object
    Path="D:\ia\Foerderband\Logical\Libraries\runtime\runtime.typ"
    LogicalPath="Libraries.runtime.runtime.typ"
    Type="File"
    LastWriteTime="132381563310630487"
    Private="false" />
  <Object
    Path="D:\ia\Foerderband\Logical\Libraries\runtime\runtime.var"
    LogicalPath="Libraries.runtime.runtime.var"
    Type="File"
    LastWriteTime="132381563310720483"
    Private="false" />
  <Object
    Path="D:\ia\Foerderband\Logical\Libraries\astime\binary.lby"
    LogicalPath="Libraries.astime"
    Type="Library"
    LastWriteTime="132381563315405583" />
  <Object
    Path="D:\ia\Foerderband\Logical\Libraries\astime\astime.fun"
    LogicalPath="Libraries.astime.astime.fun"
    Type="File"
    LastWriteTime="132381563315249262"
    Private="false" />
  <Object
    Path="D:\ia\Foerderband\Logical\Libraries\astime\astime.typ"
    LogicalPath="Libraries.astime.astime.typ"
    Type="File"
    LastWriteTime="132381563315249262"
    Private="false" />
  <Object
    Path="D:\ia\Foerderband\Logical\Libraries\astime\astime.var"
    LogicalPath="Libraries.astime.astime.var"
    Type="File"
    LastWriteTime="132381563315405583"
    Private="false" />
  <Object
    Path="D:\ia\Foerderband\Logical\Libraries\AsIecCon\binary.lby"
    LogicalPath="Libraries.AsIecCon"
    Type="Library"
    LastWriteTime="132381563319991237" />
  <Object
    Path="D:\ia\Foerderband\Logical\Libraries\AsIecCon\AsIecCon.fun"
    LogicalPath="Libraries.AsIecCon.AsIecCon.fun"
    Type="File"
    LastWriteTime="132381563319821403"
    Private="false" />
  <Object
    Path="D:\ia\Foerderband\Logical\Libraries\AsIecCon\AsIecCon.typ"
    LogicalPath="Libraries.AsIecCon.AsIecCon.typ"
    Type="File"
    LastWriteTime="132381563319901511"
    Private="false" />
  <Object
    Path="D:\ia\Foerderband\Logical\Libraries\AsIecCon\AsIecCon.var"
    LogicalPath="Libraries.AsIecCon.AsIecCon.var"
    Type="File"
    LastWriteTime="132381563319981534"
    Private="false" />
  <Object
    Path="D:\ia\Foerderband\Logical\Libraries\standard\binary.lby"
    LogicalPath="Libraries.standard"
    Type="Library"
    LastWriteTime="132381695362663228" />
  <Object
    Path="D:\ia\Foerderband\Logical\Libraries\standard\standard.fun"
    LogicalPath="Libraries.standard.standard.fun"
    Type="File"
    LastWriteTime="132381695362502947"
    Private="false" />
  <Object
    Path="D:\ia\Foerderband\Logical\Libraries\standard\standard.typ"
    LogicalPath="Libraries.standard.standard.typ"
    Type="File"
    LastWriteTime="132381695362583268"
    Private="false" />
  <Object
    Path="D:\ia\Foerderband\Logical\Libraries\standard\standard.var"
    LogicalPath="Libraries.standard.standard.var"
    Type="File"
    LastWriteTime="132381695362653222"
    Private="false" />
  <Object
    Path="D:\ia\Foerderband\Logical\Program\ANSIC.prg"
    LogicalPath="Program"
    Type="Program"
    LastWriteTime="132381590384995281" />
  <Object
    Path="D:\ia\Foerderband\Logical\Program\Cyclic.c"
    LogicalPath="Program.Cyclic.c"
    Type="File"
    LastWriteTime="132433417575733094"
    Private="false" />
  <Object
    Path="D:\ia\Foerderband\Logical\Program\Init.c"
    LogicalPath="Program.Init.c"
    Type="File"
    LastWriteTime="132433416585890993"
    Private="false" />
  <Object
    Path="D:\ia\Foerderband\Logical\Program\Exit.c"
    LogicalPath="Program.Exit.c"
    Type="File"
    LastWriteTime="132381590384955222"
    Private="false" />
  <Object
    Path="D:\ia\Foerderband\Logical\Program\Types.typ"
    LogicalPath="Program.Types.typ"
    Type="File"
    LastWriteTime="132381590384965241"
    Private="true" />
  <Object
    Path="D:\ia\Foerderband\Logical\Program\Variables.var"
    LogicalPath="Program.Variables.var"
    Type="File"
    LastWriteTime="132433416632269276"
    Private="true" />
  <Object
    Path="D:\ia\Foerderband\Physical\Config1\Config.pkg"
    LogicalPath="Config1"
    Type="Configuration.ParentUnknown"
    LastWriteTime="132381563343714916" />
  <Object
    Path="D:\ia\Foerderband\Physical\Config1\Hardware.hw"
    LogicalPath="Config1.Hardware.hw"
    Type="File"
    LastWriteTime="132381667997770756"
    Private="false" />
  <Object
    Path="D:\ia\Foerderband\Physical\Config1\Hardware.hwl"
    LogicalPath="Config1.Hardware.hwl"
    Type="File"
    LastWriteTime="132381668136578854"
    Private="false" />
  <Object
    Path="D:\ia\Foerderband\Physical\Config1\X20CP1584\Cpu.pkg"
    LogicalPath="Config1.X20CP1584"
    Type="Cpu"
    LastWriteTime="132381565338538382" />
  <Object
    Path="D:\ia\Foerderband\Physical\Config1\X20CP1584\Cpu.sw"
    LogicalPath="Config1.X20CP1584.Cpu.sw"
    Type="File"
    LastWriteTime="132381695363223225"
    Private="false" />
  <Object
    Path="D:\ia\Foerderband\Physical\Config1\X20CP1584\Cpu.per"
    LogicalPath="Config1.X20CP1584.Cpu.per"
    Type="File"
    LastWriteTime="132381563322186624"
    Private="false" />
  <Object
    Path="D:\ia\Foerderband\Physical\Config1\X20CP1584\IoMap.iom"
    LogicalPath="Config1.X20CP1584.IoMap.iom"
    Type="File"
    LastWriteTime="132433412937748718"
    Private="false" />
  <Object
    Path="D:\ia\Foerderband\Physical\Config1\X20CP1584\PvMap.vvm"
    LogicalPath="Config1.X20CP1584.PvMap.vvm"
    Type="File"
    LastWriteTime="132381563322346992"
    Private="false" />
  <Object
    Path="D:\ia\Foerderband\Physical\Config1\X20CP1584\Connectivity\Package.pkg"
    LogicalPath="Config1.X20CP1584.Connectivity"
    Type="Package"
    LastWriteTime="132381563322566637" />
  <Object
    Path="D:\ia\Foerderband\Physical\Config1\X20CP1584\Connectivity\OpcUA\Package.pkg"
    LogicalPath="Config1.X20CP1584.Connectivity.OpcUA"
    Type="Package"
    LastWriteTime="132381563322556623" />
  <Object
    Path="D:\ia\Foerderband\Physical\Config1\X20CP1584\TextSystem\Package.pkg"
    LogicalPath="Config1.X20CP1584.TextSystem"
    Type="Package"
    LastWriteTime="132381563322606737" />
  <Object
    Path="D:\ia\Foerderband\Physical\Config1\X20CP1584\UnitSystem\Package.pkg"
    LogicalPath="Config1.X20CP1584.UnitSystem"
    Type="Package"
    LastWriteTime="132381563322646628" />
  <Object
    Path="D:\ia\Foerderband\Physical\Config1\X20CP1584\AccessAndSecurity\Package.pkg"
    LogicalPath="Config1.X20CP1584.AccessAndSecurity"
    Type="Package"
    LastWriteTime="132381563323306624" />
  <Object
    Path="D:\ia\Foerderband\Physical\Config1\X20CP1584\AccessAndSecurity\UserRoleSystem\Package.pkg"
    LogicalPath="Config1.X20CP1584.AccessAndSecurity.UserRoleSystem"
    Type="Package"
    LastWriteTime="132381563322886653" />
  <Object
    Path="D:\ia\Foerderband\Physical\Config1\X20CP1584\AccessAndSecurity\UserRoleSystem\Role.role"
    LogicalPath="Config1.X20CP1584.AccessAndSecurity.UserRoleSystem.Role.role"
    Type="File"
    LastWriteTime="132381563322796631"
    Private="false" />
  <Object
    Path="D:\ia\Foerderband\Physical\Config1\X20CP1584\AccessAndSecurity\UserRoleSystem\User.user"
    LogicalPath="Config1.X20CP1584.AccessAndSecurity.UserRoleSystem.User.user"
    Type="File"
    LastWriteTime="132381563322876686"
    Private="false" />
  <Object
    Path="D:\ia\Foerderband\Physical\Config1\X20CP1584\AccessAndSecurity\CertificateStore\Package.pkg"
    LogicalPath="Config1.X20CP1584.AccessAndSecurity.CertificateStore"
    Type="Package"
    LastWriteTime="132381563323146629" />
  <Object
    Path="D:\ia\Foerderband\Physical\Config1\X20CP1584\AccessAndSecurity\CertificateStore\OwnCertificates\Package.pkg"
    LogicalPath="Config1.X20CP1584.AccessAndSecurity.CertificateStore.OwnCertificates"
    Type="Package"
    LastWriteTime="132381563323006666" />
  <Object
    Path="D:\ia\Foerderband\Physical\Config1\X20CP1584\AccessAndSecurity\CertificateStore\OwnCertificates\Certificates\Package.pkg"
    LogicalPath="Config1.X20CP1584.AccessAndSecurity.CertificateStore.OwnCertificates.Certificates"
    Type="Package"
    LastWriteTime="132381563322966662" />
  <Object
    Path="D:\ia\Foerderband\Physical\Config1\X20CP1584\AccessAndSecurity\CertificateStore\OwnCertificates\PrivateKeys\Package.pkg"
    LogicalPath="Config1.X20CP1584.AccessAndSecurity.CertificateStore.OwnCertificates.PrivateKeys"
    Type="Package"
    LastWriteTime="132381563322996734" />
  <Object
    Path="D:\ia\Foerderband\Physical\Config1\X20CP1584\AccessAndSecurity\CertificateStore\ThirdPartyCertificates\Package.pkg"
    LogicalPath="Config1.X20CP1584.AccessAndSecurity.CertificateStore.ThirdPartyCertificates"
    Type="Package"
    LastWriteTime="132381563323076685" />
  <Object
    Path="D:\ia\Foerderband\Physical\Config1\X20CP1584\AccessAndSecurity\CertificateStore\ThirdPartyCertificates\SoftwareCertificates\Package.pkg"
    LogicalPath="Config1.X20CP1584.AccessAndSecurity.CertificateStore.ThirdPartyCertificates.SoftwareCertificates"
    Type="Package"
    LastWriteTime="132381563323066679" />
  <Object
    Path="D:\ia\Foerderband\Physical\Config1\X20CP1584\AccessAndSecurity\CertificateStore\CertificateRevocationLists\Package.pkg"
    LogicalPath="Config1.X20CP1584.AccessAndSecurity.CertificateStore.CertificateRevocationLists"
    Type="Package"
    LastWriteTime="132381563323116685" />
  <Object
    Path="D:\ia\Foerderband\Physical\Config1\X20CP1584\AccessAndSecurity\CertificateStore\CertificateSigningRequests\Package.pkg"
    LogicalPath="Config1.X20CP1584.AccessAndSecurity.CertificateStore.CertificateSigningRequests"
    Type="Package"
    LastWriteTime="132381563323146629" />
  <Object
    Path="D:\ia\Foerderband\Physical\Config1\X20CP1584\AccessAndSecurity\TransportLayerSecurity\Package.pkg"
    LogicalPath="Config1.X20CP1584.AccessAndSecurity.TransportLayerSecurity"
    Type="Package"
    LastWriteTime="132381563323186655" />
  <Object
    Path="D:\ia\Foerderband\Physical\Config1\X20CP1584\AccessAndSecurity\Firewall\Package.pkg"
    LogicalPath="Config1.X20CP1584.AccessAndSecurity.Firewall"
    Type="Package"
    LastWriteTime="132381563323296645" />
  <Object
    Path="D:\ia\Foerderband\Physical\Config1\X20CP1584\AccessAndSecurity\Firewall\Rules.firewallRules"
    LogicalPath="Config1.X20CP1584.AccessAndSecurity.Firewall.Rules.firewallRules"
    Type="File"
    LastWriteTime="132381563323286631"
    Private="false" />
  <Object
    Path="D:\ia\Foerderband\Physical\Config1\X20CP1584\mappControl\Package.pkg"
    LogicalPath="Config1.X20CP1584.mappControl"
    Type="Package"
    LastWriteTime="132381563323336774" />
  <Object
    Path="D:\ia\Foerderband\Physical\Config1\X20CP1584\mappMotion\Package.pkg"
    LogicalPath="Config1.X20CP1584.mappMotion"
    Type="Package"
    LastWriteTime="132381563323376628" />
  <Object
    Path="D:\ia\Foerderband\Physical\Config1\X20CP1584\mappServices\Package.pkg"
    LogicalPath="Config1.X20CP1584.mappServices"
    Type="Package"
    LastWriteTime="132381563323406744" />
  <Object
    Path="D:\ia\Foerderband\Physical\Config1\X20CP1584\mappView\Package.pkg"
    LogicalPath="Config1.X20CP1584.mappView"
    Type="Package"
    LastWriteTime="132381563323446751" />
  <Object
    Path="D:\ia\Foerderband\Physical\Config1\X20CP1584\mappCockpit\Package.pkg"
    LogicalPath="Config1.X20CP1584.mappCockpit"
    Type="Package"
    LastWriteTime="132381563323476670" />
  <Object
    Path="D:\ia\Foerderband\Physical\Config1\X20CP1584\DTM\Package.pkg"
    LogicalPath="Config1.X20CP1584.DTM"
    Type="Package"
    LastWriteTime="132381593234809802" />
  <Object
    Path="D:\ia\Foerderband\Physical\Config1\X20CP1584\DTM\Communication\Package.pkg"
    LogicalPath="Config1.X20CP1584.DTM.Communication"
    Type="Package"
    LastWriteTime="132381593246408103" />
  <Object
    Path="D:\ia\Foerderband\Physical\Config1\X20CP1584\DTM\Communication\Communication.dtm"
    LogicalPath="Config1.X20CP1584.DTM.Communication.Communication.dtm"
    Type="File"
    LastWriteTime="132381593247548088"
    Private="false" />
  <Object
    Path="D:\ia\Foerderband\Physical\Config1\X20CP1584\DTM\Communication\CommDTM\Package.pkg"
    LogicalPath="Config1.X20CP1584.DTM.Communication.CommDTM"
    Type="Package"
    LastWriteTime="132381593247478085" />
  <Object
    Path="D:\ia\Foerderband\Physical\Config1\X20CP1584\DTM\Communication\CommDTM\CommDTM.dtmdre"
    LogicalPath="Config1.X20CP1584.DTM.Communication.CommDTM.CommDTM.dtmdre"
    Type="File"
    LastWriteTime="132381593885220299"
    Private="false" />
  <Object
    Path="D:\ia\Foerderband\Physical\Config1\X20CP1584\DTM\Communication\CommDTM\CommDTM.dtmtre"
    LogicalPath="Config1.X20CP1584.DTM.Communication.CommDTM.CommDTM.dtmtre"
    Type="File"
    LastWriteTime="132381593247268222"
    Private="false" />
  <Object
    Path="D:\ia\Foerderband\Physical\Config1\X20CP1584\DTM\Communication\CommDTM\CommDTM.dtmdri"
    LogicalPath="Config1.X20CP1584.DTM.Communication.CommDTM.CommDTM.dtmdri"
    Type="File"
    LastWriteTime="132381593885210301"
    Private="false" />
  <Object
    Path="D:\ia\Foerderband\Physical\Config1\X20CP1584\DTM\Communication\X20DS438A\Package.pkg"
    LogicalPath="Config1.X20CP1584.DTM.Communication.X20DS438A"
    Type="Package"
    LastWriteTime="132381593885250289" />
  <Object
    Path="D:\ia\Foerderband\Physical\Config1\X20CP1584\DTM\Communication\X20DS438A\X20DS438A.dtmdre"
    LogicalPath="Config1.X20CP1584.DTM.Communication.X20DS438A.X20DS438A.dtmdre"
    Type="File"
    LastWriteTime="132381593885270138"
    Private="false" />
  <Object
    Path="D:\ia\Foerderband\Physical\Config1\X20CP1584\DTM\Communication\X20DS438A\X20DS438A.dtmtre"
    LogicalPath="Config1.X20CP1584.DTM.Communication.X20DS438A.X20DS438A.dtmtre"
    Type="File"
    LastWriteTime="132381593247308244"
    Private="false" />
  <Object
    Path="D:\ia\Foerderband\Physical\Config1\X20CP1584\DTM\Communication\X20DS438A\X20DS438A.dtmdri"
    LogicalPath="Config1.X20CP1584.DTM.Communication.X20DS438A.X20DS438A.dtmdri"
    Type="File"
    LastWriteTime="132381593885260309"
    Private="false" />
  <Object
    Path="D:\ia\Foerderband\Physical\Config1\Hardware.jpg"
    LogicalPath="Config1.Hardware.jpg"
    Type="File"
    LastWriteTime="132381668136609067"
    Private="false" />
</Objects>